[morningstar.ventures/index.html]
[backblue.gif]
[fade.gif]
[index.html]
[global-uploads.webflow.com/6218b09ec1cd76c58f838521/css/morningstar-ventures.webflow.972afce30.min.css]
[global-uploads.webflow.com/6218b09ec1cd76c58f838521/6218b26add781d1acc091b53_morningstar-favicon.png]
[global-uploads.webflow.com/6218b09ec1cd76c58f838521/6218b271a97939e943bcd154_morningstar-webclip.png]
[cdn.jsdelivr.net/gh/itsoffbrand/msv@0.0.7/offbrand-morningstar.iife.js]
[cdn.jsdelivr.net/npm/@finsweet/attributes-cmsfilter@1/cmsfilter.js]
[cdn.jsdelivr.net/npm/@finsweet/attributes-cmsload@1/cmsload.js]
[morningstar.ventures/multiversx.html]
[global-uploads.webflow.com/6218b09ec1cd766afc83852d/63a58430fa3dbfeee2084789_multiversx.png]
[morningstar.ventures/portfolio/holoride.html]
[morningstar.ventures/portfolio/itheum.html]
[morningstar.ventures/portfolio/stepn.html]
[global-uploads.webflow.com/6218b09ec1cd766afc83852d/624f9d1001d1c25c12154788_stepn.png]
[morningstar.ventures/portfolio/ethernity.html]
[morningstar.ventures/portfolio/axelar.html]
[morningstar.ventures/portfolio/breederdao.html]
[global-uploads.webflow.com/6218b09ec1cd766afc83852d/621dfc68d6110c7378e57225_YGG-logo-horizontal---bw2.png]
[morningstar.ventures/portfolio/fusionist.html]
[global-uploads.webflow.com/6218b09ec1cd766afc83852d/646433bd0b210bc1b23f84c5_fusionist.png]
[morningstar.ventures/portfolio/utrust.html]
[global-uploads.webflow.com/6218b09ec1cd766afc83852d/63b827519d23290343726dcf_utrust.png]
[morningstar.ventures/portfolio/indigg.html]
[global-uploads.webflow.com/6218b09ec1cd766afc83852d/624fc8324a5fe4b3199c23a6_indigg.png]
[morningstar.ventures/portfolio/monkey-league.html]
[global-uploads.webflow.com/6218b09ec1cd766afc83852d/625817a7497e042ad3280af6_jambo.png]
[global-uploads.webflow.com/6218b09ec1cd766afc83852d/62501403e4f30adde2caead4_gunzilla.png]
[global-uploads.webflow.com/6218b09ec1cd766afc83852d/63eb53ce163d8f8f22fa70f6_Avalon.png]
[morningstar.ventures/portfolio/zk-link.html]
[morningstar.ventures/portfolio/benqi.html]
[global-uploads.webflow.com/6218b09ec1cd766afc83852d/624ffe797ebbf574b824e0ec_Injective.png]
[global-uploads.webflow.com/6218b09ec1cd766afc83852d/63b568f30e058c026c69bf87_cross_the_ages.png]
[morningstar.ventures/portfolio/moralis.html]
[morningstar.ventures/portfolio/biconomy.html]
[morningstar.ventures/portfolio/blocklords.html]
[global-uploads.webflow.com/6218b09ec1cd766afc83852d/64819fc70ac010f9f9763bc2_blocklords.png]
[morningstar.ventures/portfolio/paraswap.html]
[global-uploads.webflow.com/6218b09ec1cd766afc83852d/62b41f733432796583d9ba8f_walken.png]
[morningstar.ventures/portfolio/cantina-royale.html]
[global-uploads.webflow.com/6218b09ec1cd766afc83852d/646574d466358c52410192e9_CR.png]
[morningstar.ventures/portfolio/ygg-sea.html]
[global-uploads.webflow.com/6218b09ec1cd766afc83852d/62581fb96204c3f448c8d8fc_angelic.png]
[global-uploads.webflow.com/6218b09ec1cd766afc83852d/646b57f69c823857d552c46f_egld_logo.png]
[global-uploads.webflow.com/6218b09ec1cd766afc83852d/6399c8b84915a66f5550c611_37x.png]
[morningstar.ventures/index1e50.html]
[global-uploads.webflow.com/6218b09ec1cd766afc83852d/6373b24736fb6b3399334dcf_coin.png]
[global-uploads.webflow.com/6218b09ec1cd766afc83852d/6373afa2312b06ee138c5255_ca (2).png]
[global-uploads.webflow.com/6218b09ec1cd766afc83852d/64ad0d4a0958e117a85e8a31_msv_studio_logo.png]
[global-uploads.webflow.com/6218b09ec1cd766afc83852d/6373b2b1f32ffbf5671cb7f2_egld.gg.png]
[global-uploads.webflow.com/6218b09ec1cd766afc83852d/63eb5d8a559a6727d2b382d8_Danilo.jpg]
[global-uploads.webflow.com/6218b09ec1cd766afc83852d/63eb5d679ec03412249c588b_Adam.jpg]
[global-uploads.webflow.com/6218b09ec1cd766afc83852d/63eb5d55cc0782b678117639_Marco.jpg]
[global-uploads.webflow.com/6218b09ec1cd766afc83852d/63eb5ca5cc078211e911111d_Jasmine.jpg]
[global-uploads.webflow.com/6218b09ec1cd766afc83852d/63eb5d4789afda71b762b95a_Borislav.jpg]
[global-uploads.webflow.com/6218b09ec1cd766afc83852d/63eb5d22c3ca15507bebe59d_Petr.jpg]
[global-uploads.webflow.com/6218b09ec1cd766afc83852d/63fde6bfd7c0774303466699_Kevin.jpg]
[global-uploads.webflow.com/6218b09ec1cd766afc83852d/63eb5d12a247dba13eefcb31_Clem.jpg]
[global-uploads.webflow.com/6218b09ec1cd766afc83852d/63eb5cca3c67481b0b056269_Ed.jpg]
[global-uploads.webflow.com/6218b09ec1cd766afc83852d/63eb5c7537d84056a9635df9_Valentina.jpg]
[global-uploads.webflow.com/6218b09ec1cd766afc83852d/63eb5c30c06c26aba1811695_Njani.jpg]
[global-uploads.webflow.com/6218b09ec1cd766afc83852d/63eb5bf07823c43fa892fde5_Szabi.jpg]
[global-uploads.webflow.com/6218b09ec1cd766afc83852d/63eb5d04163d8f7356008a2f_Patryk.jpg]
[global-uploads.webflow.com/6218b09ec1cd766afc83852d/63eb5c8d1812ab662e3cad26_Hamza.jpg]
[global-uploads.webflow.com/6218b09ec1cd766afc83852d/63eb5c62bc0cb652a8ac3f67_Helder.jpg]
[global-uploads.webflow.com/6218b09ec1cd766afc83852d/63eb5bfdfebe3c5b9df3fa54_Julian.jpg]
[global-uploads.webflow.com/6218b09ec1cd766afc83852d/63eb5bd0cc07823ce1104dab_Radek.jpg]
[global-uploads.webflow.com/6218b09ec1cd766afc83852d/63eb5bc51812ab1a3d3c4231_Julien B.jpg]
[global-uploads.webflow.com/6218b09ec1cd766afc83852d/63eb5cf5a93dfc2e852c6001_Bruno.jpg]
[global-uploads.webflow.com/6218b09ec1cd766afc83852d/63eb5bde892b1176762b69df_Maria.jpg]
[global-uploads.webflow.com/6218b09ec1cd766afc83852d/63eb5c1da4ca17630de3861f_Luis.jpg]
[global-uploads.webflow.com/6218b09ec1cd766afc83852d/63eb5bab28729f3bae58a062_Sebastien.jpg]
[global-uploads.webflow.com/6218b09ec1cd76c58f838521/622f1eb1fc363c70dde00576_elrond tower (1).png]
[d3e54v103j8qbb.cloudfront.net/js/jquery-3.5.1.min.dc5e7f18c8bea0.js]
[morningstar.ventures/index.html]
[global-uploads.webflow.com/6218b09ec1cd76c58f838521/css/morningstar-ventures.webflow.972afce30.min.css]
[www.googletagmanager.com/gtm5445.html]
[global-uploads.webflow.com/6218b09ec1cd76c58f838521/js/webflow.4c5002aa9.js]
[cdn.jsdelivr.net/gh/itsoffbrand/msv@0.0.2/offbrand-morningstar.iife.js]
[global-uploads.webflow.com/6218b09ec1cd76c58f838521/643fc745a636ea6635939ca2_MSV_itheum.jpg]
[morningstar.ventures/multiversx.html]
[global-uploads.webflow.com/6218b09ec1cd76c58f838521/621e19f07809bc4520e3495d_mstar twitter2.png]
[global-uploads.webflow.com/6218b09ec1cd76c58f838521/621e1c4483d9dc4de706e7f9_mstar twitter fill.png]
[global-uploads.webflow.com/6218b09ec1cd76c58f838521/621f7296ecab8679fd23cd9a_mstar telegram2.png]
[global-uploads.webflow.com/6218b09ec1cd76c58f838521/621e1c445a0a4d01f054692a_mstar telegram fill.png]
[global-uploads.webflow.com/6218b09ec1cd76c58f838521/621f72963728022f08ed5707_mstar insta2.png]
[global-uploads.webflow.com/6218b09ec1cd76c58f838521/621e1c44233cdf615accebd8_mstar insta fill.png]
[global-uploads.webflow.com/6218b09ec1cd76c58f838521/621e1a1d8445ed02c409262c_mstar linkedin2.png]
[global-uploads.webflow.com/6218b09ec1cd76c58f838521/621e1c448b7a38fad6e95870_mstar linkedin fill.png]
[global-uploads.webflow.com/6218b09ec1cd76c58f838521/621f7296748b65622f074576_mstar medium2.png]
[global-uploads.webflow.com/6218b09ec1cd76c58f838521/621e1c449facbe17c44004c9_mstar medium fill.png]
[global-uploads.webflow.com/6218b09ec1cd76c58f838521/621f72965ea456e838b4a883_mstar discord2.png]
[global-uploads.webflow.com/6218b09ec1cd76c58f838521/621e1c44bd36721e92bc66e4_mstar discord fill.png]
[morningstar.ventures/portfolio/holoride.html]
[morningstar.ventures/portfolio/itheum.html]
[morningstar.ventures/portfolio/stepn.html]
[morningstar.ventures/portfolio/ethernity.html]
[morningstar.ventures/portfolio/axelar.html]
[morningstar.ventures/portfolio/breederdao.html]
[morningstar.ventures/portfolio/fusionist.html]
[morningstar.ventures/portfolio/utrust.html]
[morningstar.ventures/portfolio/indigg.html]
[morningstar.ventures/portfolio/monkey-league.html]
[morningstar.ventures/portfolio/zk-link.html]
[morningstar.ventures/portfolio/benqi.html]
[morningstar.ventures/portfolio/moralis.html]
[morningstar.ventures/portfolio/biconomy.html]
[morningstar.ventures/portfolio/blocklords.html]
[morningstar.ventures/portfolio/paraswap.html]
[morningstar.ventures/portfolio/cantina-royale.html]
[morningstar.ventures/portfolio/ygg-sea.html]
[morningstar.ventures/portfolio/chillchat.html]
[global-uploads.webflow.com/6218b09ec1cd766afc83852d/62581f8ab70b3326191570f9_chillchat.png]
[global-uploads.webflow.com/6218b09ec1cd766afc83852d/646574ed5f5d5d6aaf1f2ed7_fare.png]
[global-uploads.webflow.com/6218b09ec1cd766afc83852d/63a57bdbc3a74f724426e90f_yolo.png]
[global-uploads.webflow.com/6218b09ec1cd766afc83852d/626ba77f9e0394467a073239_snackclub.png]
[global-uploads.webflow.com/6218b09ec1cd766afc83852d/63a57dbd9267013ed9806b70_ancient8.png]
[global-uploads.webflow.com/6218b09ec1cd766afc83852d/6258192ad9e7dcccfba1e4e2_highstreetmarket.png]
[global-uploads.webflow.com/6218b09ec1cd766afc83852d/63b6d14f62f4c84415dda8c2_meria.png]
[morningstar.ventures/portfolio/unstoppable-domains.html]
[morningstar.ventures/portfolio/taker-protocol.html]
[morningstar.ventures/portfolio/bware-labs.html]
[global-uploads.webflow.com/6218b09ec1cd766afc83852d/63b568a6b14a845296803d11_bwarelabs.png]
[global-uploads.webflow.com/6218b09ec1cd766afc83852d/6253cf0e4c19a80e804d3939_unxd.png]
[morningstar.ventures/portfolio/renft.html]
[global-uploads.webflow.com/6218b09ec1cd766afc83852d/62e78c6720a8b36e9d8ceaba_renft.png]
[morningstar.ventures/portfolio/chainflip.html]
[morningstar.ventures/portfolio/ola-guild-games.html]
[global-uploads.webflow.com/6218b09ec1cd766afc83852d/6268ff6693645e896215c677_ogg.png]
[morningstar.ventures/portfolio/ashswap.html]
[global-uploads.webflow.com/6218b09ec1cd766afc83852d/63a5874a7e716e7f836946ac_ashswap.png]
[morningstar.ventures/portfolio/omni-network.html]
[global-uploads.webflow.com/6218b09ec1cd766afc83852d/64b504b2315425ad7cfe3436_omni.png]
[global-uploads.webflow.com/6218b09ec1cd766afc83852d/625818f5e6e1c2e7c9e25f3d_blastroyalebr.png]
[morningstar.ventures/portfolio/apeiron.html]
[global-uploads.webflow.com/6218b09ec1cd766afc83852d/6268fbe94dfe7477d3e5b909_apeiron.png]
[morningstar.ventures/portfolio/mixmob.html]
[morningstar.ventures/portfolio/deskcoin.html]
[global-uploads.webflow.com/6218b09ec1cd766afc83852d/626b3880af8cd57bf073d291_deskoin.png]
[global-uploads.webflow.com/6218b09ec1cd766afc83852d/63a57fa66ac30088a49375ac_nyan_heroes.png]
[morningstar.ventures/index1e50.html]
[morningstar.ventures/index332b.html]
[morningstar.ventures/index2e6c.html]
[morningstar.ventures/portfolio/chillchat.html]
[morningstar.ventures/portfolio/unstoppable-domains.html]
[morningstar.ventures/portfolio/taker-protocol.html]
[morningstar.ventures/portfolio/bware-labs.html]
[morningstar.ventures/portfolio/renft.html]
[morningstar.ventures/portfolio/chainflip.html]
[morningstar.ventures/portfolio/ola-guild-games.html]
[morningstar.ventures/portfolio/ashswap.html]
[morningstar.ventures/portfolio/omni-network.html]
[morningstar.ventures/portfolio/apeiron.html]
[morningstar.ventures/portfolio/mixmob.html]
[morningstar.ventures/portfolio/deskcoin.html]
[morningstar.ventures/index332b.html]
[morningstar.ventures/portfolio/hashflow.html]
[morningstar.ventures/portfolio/clipper.html]
[morningstar.ventures/portfolio/persistence.html]
[morningstar.ventures/portfolio/dotmoovs.html]
[global-uploads.webflow.com/6218b09ec1cd766afc83852d/63a57fd97577de6134055012_dotmoovs.png]
[global-uploads.webflow.com/6218b09ec1cd766afc83852d/63b56968652693727e64ad67_structure.png]
[morningstar.ventures/portfolio/op-games.html]
[morningstar.ventures/portfolio/oursong.html]
[global-uploads.webflow.com/6218b09ec1cd766afc83852d/625013901a320ffb2999af77_oursong.png]
[morningstar.ventures/portfolio/avakir-saga.html]
[global-uploads.webflow.com/6218b09ec1cd766afc83852d/625013c682d9c903579a8ecd_avarik_saga.png]
[morningstar.ventures/portfolio/coinweb.html]
[global-uploads.webflow.com/6218b09ec1cd766afc83852d/62501481c3ae570b54266097_coinweb.png]
[morningstar.ventures/portfolio/swing-finance.html]
[global-uploads.webflow.com/6218b09ec1cd766afc83852d/625387c11b7e72d4c663c269_finance.png]
[global-uploads.webflow.com/6218b09ec1cd766afc83852d/63b6d1321bbb5a8296f9c39d_olive.png]
[morningstar.ventures/portfolio/ngrave.html]
[global-uploads.webflow.com/6218b09ec1cd766afc83852d/627a19fbc3f7c008274074cf_roy.png]
[global-uploads.webflow.com/6218b09ec1cd766afc83852d/63a5839911e3e346f62186ee_xld_finance.png]
[morningstar.ventures/portfolio/the-defiant.html]
[morningstar.ventures/portfolio/cryptoverse.html]
[global-uploads.webflow.com/6218b09ec1cd766afc83852d/62581ff9b030842de169c216_cryptoverse.png]
[global-uploads.webflow.com/6218b09ec1cd766afc83852d/6260b350e019e78e33620b65_kattana.png]
[global-uploads.webflow.com/6218b09ec1cd766afc83852d/63b5694586aa063e58d0834b_unfettered.png]
[morningstar.ventures/portfolio/domi-online.html]
[global-uploads.webflow.com/6218b09ec1cd766afc83852d/63e996a8533854386d7827f7_domi.png]
[morningstar.ventures/index2e6c.html]
[morningstar.ventures/_https_/global-uploads.webflow.com/6218b09ec1cd766afc83852d/6218c0073d37f798f2348ac5_mstar twitter2.png_]
[morningstar.ventures/_https_/global-uploads.webflow.com/6218b09ec1cd766afc83852d/621e2426aa233c5924edec24_mstar twitter fill.png_]
[morningstar.ventures/_https_/global-uploads.webflow.com/6218b09ec1cd766afc83852d/6218c00e437c9f59b8a144a3_mstar telegram2.png_]
[morningstar.ventures/_https_/global-uploads.webflow.com/6218b09ec1cd766afc83852d/621e24206bc470703228979c_mstar telegram fill.png_]
[morningstar.ventures/_https_/global-uploads.webflow.com/6218b09ec1cd766afc83852d/6218c01bdee6a4cb37c644f6_mstar insta2.png_]
[morningstar.ventures/_https_/global-uploads.webflow.com/6218b09ec1cd766afc83852d/621e240f72a489c05dd433bb_mstar insta fill.png_]
[morningstar.ventures/_https_/global-uploads.webflow.com/6218b09ec1cd766afc83852d/6218c014a4c5344fad25e9f8_mstar linkedin2.png_]
[morningstar.ventures/_https_/global-uploads.webflow.com/6218b09ec1cd766afc83852d/621e241a838dad604d8aa858_mstar linkedin fill.png_]
[morningstar.ventures/_https_/global-uploads.webflow.com/6218b09ec1cd766afc83852d/621e240067bd3f6199b02dee_mstar medium fill.png_]
[morningstar.ventures/portfolio/multiversx]
[morningstar.ventures/portfolio/yield-guild-games]
[morningstar.ventures/portfolio/xdefi]
[morningstar.ventures/portfolio/jambo]
[morningstar.ventures/portfolio/covalent]
[morningstar.ventures/portfolio/gunzilla]
[morningstar.ventures/portfolio/avalon]
[morningstar.ventures/portfolio/injective]
[morningstar.ventures/portfolio/cross-the-ages]
[morningstar.ventures/portfolio/bitscrunch]
[morningstar.ventures/portfolio/walken]
[morningstar.ventures/portfolio/angelic]
[morningstar.ventures/portfolio/hashflow.html]
[morningstar.ventures/portfolio/clipper.html]
[morningstar.ventures/portfolio/persistence.html]
[morningstar.ventures/portfolio/dotmoovs.html]
[morningstar.ventures/portfolio/op-games.html]
[morningstar.ventures/portfolio/oursong.html]
[morningstar.ventures/portfolio/avakir-saga.html]
[morningstar.ventures/portfolio/coinweb.html]
[morningstar.ventures/portfolio/swing-finance.html]
[morningstar.ventures/portfolio/ngrave.html]
[morningstar.ventures/portfolio/the-defiant.html]
[morningstar.ventures/portfolio/cryptoverse.html]
[morningstar.ventures/portfolio/domi-online.html]
[morningstar.ventures/products/egld-community]
[morningstar.ventures/products/37xdubai]
[morningstar.ventures/products/coin-fyi]
[morningstar.ventures/products/cryptoatlas]
[morningstar.ventures/products/msv-studio]
[morningstar.ventures/products/egld-gg]
[morningstar.ventures/old-home]
[morningstar.ventures/portfolio/_https_/global-uploads.webflow.com/6218b09ec1cd766afc83852d/6218c0073d37f798f2348ac5_mstar twitter2.png_]
[morningstar.ventures/portfolio/_https_/global-uploads.webflow.com/6218b09ec1cd766afc83852d/621e2426aa233c5924edec24_mstar twitter fill.png_]
[morningstar.ventures/portfolio/_https_/global-uploads.webflow.com/6218b09ec1cd766afc83852d/6218c00e437c9f59b8a144a3_mstar telegram2.png_]
[morningstar.ventures/portfolio/_https_/global-uploads.webflow.com/6218b09ec1cd766afc83852d/621e24206bc470703228979c_mstar telegram fill.png_]
[morningstar.ventures/portfolio/_https_/global-uploads.webflow.com/6218b09ec1cd766afc83852d/6218c01bdee6a4cb37c644f6_mstar insta2.png_]
[morningstar.ventures/portfolio/_https_/global-uploads.webflow.com/6218b09ec1cd766afc83852d/621e240f72a489c05dd433bb_mstar insta fill.png_]
[morningstar.ventures/portfolio/_https_/global-uploads.webflow.com/6218b09ec1cd766afc83852d/6218c014a4c5344fad25e9f8_mstar linkedin2.png_]
[morningstar.ventures/portfolio/_https_/global-uploads.webflow.com/6218b09ec1cd766afc83852d/621e241a838dad604d8aa858_mstar linkedin fill.png_]
[morningstar.ventures/portfolio/_https_/global-uploads.webflow.com/6218b09ec1cd766afc83852d/621e240067bd3f6199b02dee_mstar medium fill.png_]
[morningstar.ventures/portfolio/fare-protocol]
[morningstar.ventures/portfolio/yoloyolo]
[morningstar.ventures/portfolio/snackclub]
[morningstar.ventures/portfolio/ancient8]
[morningstar.ventures/portfolio/highstreet-market]
[morningstar.ventures/portfolio/humans-ai]
[morningstar.ventures/portfolio/meria]
[morningstar.ventures/portfolio/ignite-tournaments]
[morningstar.ventures/portfolio/euler]
[morningstar.ventures/portfolio/unxd]
[morningstar.ventures/portfolio/blockchain-space]
[morningstar.ventures/portfolio/primex-finance]
[morningstar.ventures/portfolio/exotic-markets]
[morningstar.ventures/portfolio/human-protocol]
[morningstar.ventures/portfolio/blast-royale]
[morningstar.ventures/portfolio/nyan-heroes]
[morningstar.ventures/portfolio/superfarm]
[morningstar.ventures/portfolio/exeedme]
[morningstar.ventures/portfolio/structure]
[morningstar.ventures/portfolio/xy-finance]
[morningstar.ventures/portfolio/olive]
[morningstar.ventures/portfolio/roy-kombucha]
[morningstar.ventures/portfolio/xld-finance]
[morningstar.ventures/portfolio/ethernal-labs]
[morningstar.ventures/portfolio/cryptonews]
[morningstar.ventures/portfolio/sator]
[morningstar.ventures/portfolio/kattana]
[morningstar.ventures/portfolio/the-unfettered]
